[03.10.26 22:41:54][AUTOTICKET] Данные аккаунта получены
[03.10.26 22:41:55][AUTOTICKET] Настройки сохранены
[03.10.26 22:41:55][AUTOTICKET] Установлен golden_key
[03.10.26 22:41:55][AUTOTICKET] Обновление данных поддержки
[03.10.26 22:41:55][AUTOTICKET] Извлечение PHPSESSID
[03.10.26 22:41:55][AUTOTICKET] PHPSESSID извлечён
[03.10.26 22:41:55][AUTOTICKET] Настройки сохранены
[03.10.26 22:41:55][AUTOTICKET] Установлен PHPSESSID
[03.10.26 22:41:55][AUTOTICKET] Ник поддержки: SupremeStore1
[03.10.26 22:41:55][AUTOTICKET] telegram_chat_id не задан
[03.10.26 22:41:55][AUTOTICKET] Автоотправка запущена
[03.10.26 22:41:55][AUTOTICKET] telegram_chat_id не задан
[03.10.26 22:41:55][AUTOTICKET] Обновление кэша заказов
[03.10.26 22:41:55][AUTOTICKET] Загрузка заказов
[03.10.26 22:41:56][AUTOTICKET] Загружено 0 заказов
[03.10.26 22:41:56][AUTOTICKET] Найдено 0 просроченных заказов
[03.10.26 22:41:57][AUTOTICKET] Кэш обновлён: 0 заказов
[03.10.26 22:41:57][AUTOTICKET] Нет просроченных заказов
[03.10.26 22:42:27][AUTOTICKET] Настройки сохранены
[03.10.26 22:42:27][AUTOTICKET] Установлен telegram_chat_id: 8694243714
