[03.10.26 22:32:19][main.py][89]> D: ------------------------------------------------------------------
[03.10.26 22:36:15][main.py][89]> D: ------------------------------------------------------------------
[03.10.26 22:36:15][main.py][118]> I: Загружаю конфиг _main.cfg...
[03.10.26 22:36:15][main.py][123]> I: Загружаю конфиг auto_response.cfg...
[03.10.26 22:36:15][main.py][127]> I: Загружаю конфиг auto_delivery.cfg...
[03.10.26 22:36:15][cardinal.py][850]> I: Хэндлеры из handlers.py зарегистрированы.
[03.10.26 22:36:15][cardinal.py][850]> I: Хэндлеры из announcements.py зарегистрированы.
[03.10.26 22:36:15][cardinal.py][806]> I: Плагины не обнаружены.
[03.10.26 22:36:15][bot.py][1227]> I: Telegram бот инициализирован.
[03.10.26 22:36:15][cardinal.py][850]> I: Хэндлеры из tg_bot.auto_response_cp.py зарегистрированы.
[03.10.26 22:36:15][cardinal.py][850]> I: Хэндлеры из tg_bot.auto_delivery_cp.py зарегистрированы.
[03.10.26 22:36:15][cardinal.py][850]> I: Хэндлеры из tg_bot.config_loader_cp.py зарегистрированы.
[03.10.26 22:36:15][cardinal.py][850]> I: Хэндлеры из tg_bot.templates_cp.py зарегистрированы.
[03.10.26 22:36:15][cardinal.py][850]> I: Хэндлеры из tg_bot.plugins_cp.py зарегистрированы.
[03.10.26 22:36:15][cardinal.py][850]> I: Хэндлеры из tg_bot.file_uploader.py зарегистрированы.
[03.10.26 22:36:15][cardinal.py][850]> I: Хэндлеры из tg_bot.authorized_users_cp.py зарегистрированы.
[03.10.26 22:36:15][cardinal.py][850]> I: Хэндлеры из tg_bot.proxy_cp.py зарегистрированы.
[03.10.26 22:36:15][cardinal.py][850]> I: Хэндлеры из tg_bot.default_cp.py зарегистрированы.
[03.10.26 22:36:18][bot.py][1237]> I: Telegram бот @funpaycardinalmaksimko_bot запущен.
[03.10.26 22:36:26][cardinal.py][222]> I: 
[03.10.26 22:36:26][cardinal.py][222]> I: ------------------------------------------------------------
[03.10.26 22:36:26][cardinal.py][222]> I: * Добрый вечер, SupremeStore1.                             *
[03.10.26 22:36:26][cardinal.py][222]> I: * Ваш ID: 19414603.                                        *
[03.10.26 22:36:26][cardinal.py][222]> I: * Ваш текущий баланс: 0.0 RUB | 0.0 USD | 0.0 EUR          *
[03.10.26 22:36:26][cardinal.py][222]> I: * Текущие незавершенные сделки: 0.                         *
[03.10.26 22:36:26][cardinal.py][222]> I: * Удачной торговли!                                        *
[03.10.26 22:36:26][cardinal.py][222]> I: ------------------------------------------------------------
[03.10.26 22:36:26][cardinal.py][222]> I: 
[03.10.26 22:36:26][cardinal.py][248]> I: Получаю данные о лотах и категориях...
[03.10.26 22:36:26][cardinal.py][273]> I: Обновил информацию о лотах (0) и категориях (0) профиля.
[03.10.26 22:36:26][cardinal.py][277]> I: Обновил информацию о лотах (0) и категориях (0) профиля (TG ПУ).
[03.10.26 22:36:26][cardinal.py][607]> I: Цикл автоподнятия не был запущен, т.к. на аккаунте не обнаружен лотов.
[03.10.26 22:36:26][cardinal.py][628]> I: Цикл обновления сессии запущен.
[03.10.26 22:37:17][bot.py][313]> W: @klekotov (ID: 8694243714) попытался получить доступ к ПУ. Сдерживаю его как могу!
[03.10.26 22:37:43][bot.py][313]> W: @klekotov (ID: 8694243714) попытался получить доступ к ПУ. Сдерживаю его как могу!
[03.10.26 22:38:07][bot.py][308]> W: @klekotov (ID: 8694243714) получил доступ к ПУ.
[03.10.26 22:39:26][bot.py][952]> I: @klekotov (ID: 8694243714) изменил параметр autoRaise секции [FunPay] на 1.
[03.10.26 22:39:28][bot.py][952]> I: @klekotov (ID: 8694243714) изменил параметр autoResponse секции [FunPay] на 1.
[03.10.26 22:41:49][file_uploader.py][255]> I: [IMPORTANT] Пользователь @klekotov (id: 8694243714) загрузил в бота плагин plugins/autoticket.py.
[03.10.26 22:41:52][main.py][89]> D: ------------------------------------------------------------------
[03.10.26 22:41:52][main.py][118]> I: Загружаю конфиг _main.cfg...
[03.10.26 22:41:52][main.py][123]> I: Загружаю конфиг auto_response.cfg...
[03.10.26 22:41:52][main.py][127]> I: Загружаю конфиг auto_delivery.cfg...
[03.10.26 22:41:52][cardinal.py][850]> I: Хэндлеры из handlers.py зарегистрированы.
[03.10.26 22:41:52][cardinal.py][850]> I: Хэндлеры из announcements.py зарегистрированы.
[03.10.26 22:41:53][cardinal.py][850]> I: Хэндлеры из plugins.autoticket.py зарегистрированы.
[03.10.26 22:41:53][bot.py][1227]> I: Telegram бот инициализирован.
[03.10.26 22:41:53][cardinal.py][850]> I: Хэндлеры из tg_bot.auto_response_cp.py зарегистрированы.
[03.10.26 22:41:53][cardinal.py][850]> I: Хэндлеры из tg_bot.auto_delivery_cp.py зарегистрированы.
[03.10.26 22:41:53][cardinal.py][850]> I: Хэндлеры из tg_bot.config_loader_cp.py зарегистрированы.
[03.10.26 22:41:53][cardinal.py][850]> I: Хэндлеры из tg_bot.templates_cp.py зарегистрированы.
[03.10.26 22:41:53][cardinal.py][850]> I: Хэндлеры из tg_bot.plugins_cp.py зарегистрированы.
[03.10.26 22:41:53][cardinal.py][850]> I: Хэндлеры из tg_bot.file_uploader.py зарегистрированы.
[03.10.26 22:41:53][cardinal.py][850]> I: Хэндлеры из tg_bot.authorized_users_cp.py зарегистрированы.
[03.10.26 22:41:53][cardinal.py][850]> I: Хэндлеры из tg_bot.proxy_cp.py зарегистрированы.
[03.10.26 22:41:53][cardinal.py][850]> I: Хэндлеры из tg_bot.default_cp.py зарегистрированы.
[03.10.26 22:41:54][autoticket.py][103]> I: [AUTOTICKET] Данные аккаунта получены
[03.10.26 22:41:55][autoticket.py][98]> I: [AUTOTICKET] Настройки сохранены
[03.10.26 22:41:55][autoticket.py][131]> I: [AUTOTICKET] Установлен golden_key
[03.10.26 22:41:55][autoticket.py][229]> I: [AUTOTICKET] Обновление данных поддержки
[03.10.26 22:41:55][autoticket.py][144]> I: [AUTOTICKET] Извлечение PHPSESSID
[03.10.26 22:41:55][autoticket.py][198]> I: [AUTOTICKET] PHPSESSID извлечён
[03.10.26 22:41:55][autoticket.py][98]> I: [AUTOTICKET] Настройки сохранены
[03.10.26 22:41:55][autoticket.py][138]> I: [AUTOTICKET] Установлен PHPSESSID
[03.10.26 22:41:55][autoticket.py][250]> I: [AUTOTICKET] Ник поддержки: SupremeStore1
[03.10.26 22:41:55][autoticket.py][457]> W: [AUTOTICKET] telegram_chat_id не задан
[03.10.26 22:41:55][autoticket.py][1317]> I: [AUTOTICKET] Автоотправка запущена
[03.10.26 22:41:55][autoticket.py][1321]> W: [AUTOTICKET] telegram_chat_id не задан
[03.10.26 22:41:55][autoticket.py][398]> I: [AUTOTICKET] Обновление кэша заказов
[03.10.26 22:41:55][autoticket.py][373]> I: [AUTOTICKET] Загрузка заказов
[03.10.26 22:41:56][autoticket.py][380]> I: [AUTOTICKET] Загружено 0 заказов
[03.10.26 22:41:56][autoticket.py][391]> I: [AUTOTICKET] Найдено 0 просроченных заказов
[03.10.26 22:41:57][autoticket.py][409]> I: [AUTOTICKET] Кэш обновлён: 0 заказов
[03.10.26 22:41:57][autoticket.py][419]> I: [AUTOTICKET] Нет просроченных заказов
[03.10.26 22:41:57][bot.py][1237]> I: Telegram бот @funpaycardinalmaksimko_bot запущен.
[03.10.26 22:42:03][cardinal.py][222]> I: 
[03.10.26 22:42:03][cardinal.py][222]> I: ------------------------------------------------------------
[03.10.26 22:42:03][cardinal.py][222]> I: * Добрый вечер, SupremeStore1.                             *
[03.10.26 22:42:03][cardinal.py][222]> I: * Ваш ID: 19414603.                                        *
[03.10.26 22:42:03][cardinal.py][222]> I: * Ваш текущий баланс: 0.0 RUB | 0.0 USD | 0.0 EUR          *
[03.10.26 22:42:03][cardinal.py][222]> I: * Текущие незавершенные сделки: 0.                         *
[03.10.26 22:42:03][cardinal.py][222]> I: * Удачной торговли!                                        *
[03.10.26 22:42:03][cardinal.py][222]> I: ------------------------------------------------------------
[03.10.26 22:42:03][cardinal.py][222]> I: 
[03.10.26 22:42:03][cardinal.py][248]> I: Получаю данные о лотах и категориях...
[03.10.26 22:42:03][cardinal.py][273]> I: Обновил информацию о лотах (0) и категориях (0) профиля.
[03.10.26 22:42:03][cardinal.py][277]> I: Обновил информацию о лотах (0) и категориях (0) профиля (TG ПУ).
[03.10.26 22:42:03][cardinal.py][607]> I: Цикл автоподнятия не был запущен, т.к. на аккаунте не обнаружен лотов.
[03.10.26 22:42:03][cardinal.py][628]> I: Цикл обновления сессии запущен.
[03.10.26 22:42:08][__init__.py][1023]> E: Exception traceback:Traceback (most recent call last):  File "C:\Users\User\AppData\Local\Programs\Python\Python314\Lib\site-packages\urllib3\connectionpool.py", line 716, in urlopen    httplib_response = self._make_request(        conn,    ...<5 lines>...        chunked=chunked,    )  File "C:\Users\User\AppData\Local\Programs\Python\Python314\Lib\site-packages\urllib3\connectionpool.py", line 468, in _make_request    six.raise_from(e, None)    ~~~~~~~~~~~~~~^^^^^^^^^  File "<string>", line 3, in raise_from  File "C:\Users\User\AppData\Local\Programs\Python\Python314\Lib\site-packages\urllib3\connectionpool.py", line 463, in _make_request    httplib_response = conn.getresponse()  File "C:\Users\User\AppData\Local\Programs\Python\Python314\Lib\http\client.py", line 1459, in getresponse    response.begin()    ~~~~~~~~~~~~~~^^  File "C:\Users\User\AppData\Local\Programs\Python\Python314\Lib\http\client.py", line 336, in begin    version, status, reason = self._read_status()                              ~~~~~~~~~~~~~~~~~^^  File "C:\Users\User\AppData\Local\Programs\Python\Python314\Lib\http\client.py", line 305, in _read_status    raise RemoteDisconnected("Remote end closed connection without"                             " response")http.client.RemoteDisconnected: Remote end closed connection without responseDuring handling of the above exception, another exception occurred:Traceback (most recent call last):  File "C:\Users\User\AppData\Local\Programs\Python\Python314\Lib\site-packages\requests\adapters.py", line 489, in send    resp = conn.urlopen(        method=request.method,    ...<8 lines>...        timeout=timeout,    )  File "C:\Users\User\AppData\Local\Programs\Python\Python314\Lib\site-packages\urllib3\connectionpool.py", line 802, in urlopen    retries = retries.increment(        method, url, error=e, _pool=self, _stacktrace=sys.exc_info()[2]    )  File "C:\Users\User\AppData\Local\Programs\Python\Python314\Lib\site-packages\urllib3\util\retry.py", line 594, in increment    raise MaxRetryError(_pool, url, error or ResponseError(cause))urllib3.exceptions.MaxRetryError: HTTPSConnectionPool(host='api.telegram.org', port=443): Max retries exceeded with url: /bot8795664021:AAEovor811F_lxNL7_o952kEIyYxng4Ckas/getUpdates?offset=1&timeout=20 (Caused by ProxyError('Cannot connect to proxy.', RemoteDisconnected('Remote end closed connection without response')))During handling of the above exception, another exception occurred:Traceback (most recent call last):  File "C:\Users\User\AppData\Local\Programs\Python\Python314\Lib\site-packages\telebot\__init__.py", line 1016, in infinity_polling    self.polling(non_stop=True, timeout=timeout, long_polling_timeout=long_polling_timeout,    ~~~~~~~~~~~~^^^^^^^^^^^^^^^^^^^^^^^^^^^^^^^^^^^^^^^^^^^^^^^^^^^^^^^^^^^^^^^^^^^^^^^^^^^                 logger_level=logger_level, allowed_updates=allowed_updates, restart_on_change=False,                 ^^^^^^^^^^^^^^^^^^^^^^^^^^^^^^^^^^^^^^^^^^^^^^^^^^^^^^^^^^^^^^^^^^^^^^^^^^^^^^^^^^^^                 *args, **kwargs)                 ^^^^^^^^^^^^^^^^  File "C:\Users\User\AppData\Local\Programs\Python\Python314\Lib\site-packages\telebot\__init__.py", line 1104, in polling    self.__threaded_polling(non_stop=non_stop, interval=interval, timeout=timeout, long_polling_timeout=long_polling_timeout,    ~~~~~~~~~~~~~~~~~~~~~~~^^^^^^^^^^^^^^^^^^^^^^^^^^^^^^^^^^^^^^^^^^^^^^^^^^^^^^^^^^^^^^^^^^^^^^^^^^^^^^^^^^^^^^^^^^^^^^^^^^                            logger_level=logger_level, allowed_updates=allowed_updates)                            ^^^^^^^^^^^^^^^^^^^^^^^^^^^^^^^^^^^^^^^^^^^^^^^^^^^^^^^^^^^  File "C:\Users\User\AppData\Local\Programs\Python\Python314\Lib\site-packages\telebot\__init__.py", line 1179, in __threaded_polling    raise e  File "C:\Users\User\AppData\Local\Programs\Python\Python314\Lib\site-packages\telebot\__init__.py", line 1140, in __threaded_polling    polling_thread.raise_exceptions()    ~~~~~~~~~~~~~~~~~~~~~~~~~~~~~~~^^  File "C:\Users\User\AppData\Local\Programs\Python\Python314\Lib\site-packages\telebot\util.py", line 110, in raise_exceptions    raise self.exception_info  File "C:\Users\User\AppData\Local\Programs\Python\Python314\Lib\site-packages\telebot\util.py", line 92, in run    task(*args, **kwargs)    ~~~~^^^^^^^^^^^^^^^^^  File "C:\Users\User\AppData\Local\Programs\Python\Python314\Lib\site-packages\telebot\__init__.py", line 661, in __retrieve_updates    updates = self.get_updates(offset=(self.last_update_id + 1),                               allowed_updates=allowed_updates,                               timeout=timeout, long_polling_timeout=long_polling_timeout)  File "C:\Users\User\AppData\Local\Programs\Python\Python314\Lib\site-packages\telebot\__init__.py", line 633, in get_updates    json_updates = apihelper.get_updates(        self.token, offset=offset, limit=limit, timeout=timeout, allowed_updates=allowed_updates,        long_polling_timeout=long_polling_timeout)  File "C:\Users\User\AppData\Local\Programs\Python\Python314\Lib\site-packages\telebot\apihelper.py", line 321, in get_updates    return _make_request(token, method_url, params=payload)  File "C:\Users\User\AppData\Local\Programs\Python\Python314\Lib\site-packages\telebot\apihelper.py", line 158, in _make_request    result = _get_req_session().request(        method, request_url, params=params, files=files,        timeout=(connect_timeout, read_timeout), proxies=proxy)  File "C:\Users\User\AppData\Local\Programs\Python\Python314\Lib\site-packages\requests\sessions.py", line 587, in request    resp = self.send(prep, **send_kwargs)  File "C:\Users\User\AppData\Local\Programs\Python\Python314\Lib\site-packages\requests\sessions.py", line 701, in send    r = adapter.send(request, **kwargs)  File "C:\Users\User\AppData\Local\Programs\Python\Python314\Lib\site-packages\requests\adapters.py", line 559, in send    raise ProxyError(e, request=request)requests.exceptions.ProxyError: HTTPSConnectionPool(host='api.telegram.org', port=443): Max retries exceeded with url: /bot8795664021:AAEovor811F_lxNL7_o952kEIyYxng4Ckas/getUpdates?offset=1&timeout=20 (Caused by ProxyError('Cannot connect to proxy.', RemoteDisconnected('Remote end closed connection without response')))
[03.10.26 22:42:27][autoticket.py][98]> I: [AUTOTICKET] Настройки сохранены
[03.10.26 22:42:27][autoticket.py][511]> I: [AUTOTICKET] Установлен telegram_chat_id: 8694243714
[03.10.26 22:42:38][__init__.py][1023]> E: Exception traceback:Traceback (most recent call last):  File "C:\Users\User\AppData\Local\Programs\Python\Python314\Lib\site-packages\urllib3\connectionpool.py", line 716, in urlopen    httplib_response = self._make_request(        conn,    ...<5 lines>...        chunked=chunked,    )  File "C:\Users\User\AppData\Local\Programs\Python\Python314\Lib\site-packages\urllib3\connectionpool.py", line 468, in _make_request    six.raise_from(e, None)    ~~~~~~~~~~~~~~^^^^^^^^^  File "<string>", line 3, in raise_from  File "C:\Users\User\AppData\Local\Programs\Python\Python314\Lib\site-packages\urllib3\connectionpool.py", line 463, in _make_request    httplib_response = conn.getresponse()  File "C:\Users\User\AppData\Local\Programs\Python\Python314\Lib\http\client.py", line 1459, in getresponse    response.begin()    ~~~~~~~~~~~~~~^^  File "C:\Users\User\AppData\Local\Programs\Python\Python314\Lib\http\client.py", line 336, in begin    version, status, reason = self._read_status()                              ~~~~~~~~~~~~~~~~~^^  File "C:\Users\User\AppData\Local\Programs\Python\Python314\Lib\http\client.py", line 305, in _read_status    raise RemoteDisconnected("Remote end closed connection without"                             " response")http.client.RemoteDisconnected: Remote end closed connection without responseDuring handling of the above exception, another exception occurred:Traceback (most recent call last):  File "C:\Users\User\AppData\Local\Programs\Python\Python314\Lib\site-packages\requests\adapters.py", line 489, in send    resp = conn.urlopen(        method=request.method,    ...<8 lines>...        timeout=timeout,    )  File "C:\Users\User\AppData\Local\Programs\Python\Python314\Lib\site-packages\urllib3\connectionpool.py", line 802, in urlopen    retries = retries.increment(        method, url, error=e, _pool=self, _stacktrace=sys.exc_info()[2]    )  File "C:\Users\User\AppData\Local\Programs\Python\Python314\Lib\site-packages\urllib3\util\retry.py", line 594, in increment    raise MaxRetryError(_pool, url, error or ResponseError(cause))urllib3.exceptions.MaxRetryError: HTTPSConnectionPool(host='api.telegram.org', port=443): Max retries exceeded with url: /bot8795664021:AAEovor811F_lxNL7_o952kEIyYxng4Ckas/getUpdates?offset=714051219&timeout=20 (Caused by ProxyError('Cannot connect to proxy.', RemoteDisconnected('Remote end closed connection without response')))During handling of the above exception, another exception occurred:Traceback (most recent call last):  File "C:\Users\User\AppData\Local\Programs\Python\Python314\Lib\site-packages\telebot\__init__.py", line 1016, in infinity_polling    self.polling(non_stop=True, timeout=timeout, long_polling_timeout=long_polling_timeout,    ~~~~~~~~~~~~^^^^^^^^^^^^^^^^^^^^^^^^^^^^^^^^^^^^^^^^^^^^^^^^^^^^^^^^^^^^^^^^^^^^^^^^^^^                 logger_level=logger_level, allowed_updates=allowed_updates, restart_on_change=False,                 ^^^^^^^^^^^^^^^^^^^^^^^^^^^^^^^^^^^^^^^^^^^^^^^^^^^^^^^^^^^^^^^^^^^^^^^^^^^^^^^^^^^^                 *args, **kwargs)                 ^^^^^^^^^^^^^^^^  File "C:\Users\User\AppData\Local\Programs\Python\Python314\Lib\site-packages\telebot\__init__.py", line 1104, in polling    self.__threaded_polling(non_stop=non_stop, interval=interval, timeout=timeout, long_polling_timeout=long_polling_timeout,    ~~~~~~~~~~~~~~~~~~~~~~~^^^^^^^^^^^^^^^^^^^^^^^^^^^^^^^^^^^^^^^^^^^^^^^^^^^^^^^^^^^^^^^^^^^^^^^^^^^^^^^^^^^^^^^^^^^^^^^^^^                            logger_level=logger_level, allowed_updates=allowed_updates)                            ^^^^^^^^^^^^^^^^^^^^^^^^^^^^^^^^^^^^^^^^^^^^^^^^^^^^^^^^^^^  File "C:\Users\User\AppData\Local\Programs\Python\Python314\Lib\site-packages\telebot\__init__.py", line 1179, in __threaded_polling    raise e  File "C:\Users\User\AppData\Local\Programs\Python\Python314\Lib\site-packages\telebot\__init__.py", line 1140, in __threaded_polling    polling_thread.raise_exceptions()    ~~~~~~~~~~~~~~~~~~~~~~~~~~~~~~~^^  File "C:\Users\User\AppData\Local\Programs\Python\Python314\Lib\site-packages\telebot\util.py", line 110, in raise_exceptions    raise self.exception_info  File "C:\Users\User\AppData\Local\Programs\Python\Python314\Lib\site-packages\telebot\util.py", line 92, in run    task(*args, **kwargs)    ~~~~^^^^^^^^^^^^^^^^^  File "C:\Users\User\AppData\Local\Programs\Python\Python314\Lib\site-packages\telebot\__init__.py", line 661, in __retrieve_updates    updates = self.get_updates(offset=(self.last_update_id + 1),                               allowed_updates=allowed_updates,                               timeout=timeout, long_polling_timeout=long_polling_timeout)  File "C:\Users\User\AppData\Local\Programs\Python\Python314\Lib\site-packages\telebot\__init__.py", line 633, in get_updates    json_updates = apihelper.get_updates(        self.token, offset=offset, limit=limit, timeout=timeout, allowed_updates=allowed_updates,        long_polling_timeout=long_polling_timeout)  File "C:\Users\User\AppData\Local\Programs\Python\Python314\Lib\site-packages\telebot\apihelper.py", line 321, in get_updates    return _make_request(token, method_url, params=payload)  File "C:\Users\User\AppData\Local\Programs\Python\Python314\Lib\site-packages\telebot\apihelper.py", line 158, in _make_request    result = _get_req_session().request(        method, request_url, params=params, files=files,        timeout=(connect_timeout, read_timeout), proxies=proxy)  File "C:\Users\User\AppData\Local\Programs\Python\Python314\Lib\site-packages\requests\sessions.py", line 587, in request    resp = self.send(prep, **send_kwargs)  File "C:\Users\User\AppData\Local\Programs\Python\Python314\Lib\site-packages\requests\sessions.py", line 701, in send    r = adapter.send(request, **kwargs)  File "C:\Users\User\AppData\Local\Programs\Python\Python314\Lib\site-packages\requests\adapters.py", line 559, in send    raise ProxyError(e, request=request)requests.exceptions.ProxyError: HTTPSConnectionPool(host='api.telegram.org', port=443): Max retries exceeded with url: /bot8795664021:AAEovor811F_lxNL7_o952kEIyYxng4Ckas/getUpdates?offset=714051219&timeout=20 (Caused by ProxyError('Cannot connect to proxy.', RemoteDisconnected('Remote end closed connection without response')))
